Microchip MPLAB XC8 Compiler V2.32

Linker command line:

-W-3 --edf=C:\Program Files\Microchip\xc8\v2.32\pic\dat\en_msgs.txt -cn \
  -h+dist/default/production\BasePicSexto.X.production.sym \
  --cmf=dist/default/production\BasePicSexto.X.production.cmf -z -Q18F4550 \
  -oC:\Users\facun\AppData\Local\Temp\xcAsdmg.4 --defsym=__MPLAB_BUILD=1 \
  -Mdist/default/production/BasePicSexto.X.production.map -E1 \
  -ver=XC8 Compiler --acfsm=1493 -ASTACK=060h-07FFh -pstack=STACK \
  -ACODE=00h-07FFFh -ACONST=00h-07FFFh -ASMALLCONST=0800h-08FFhx120 \
  -AMEDIUMCONST=0800h-07FFFh -ACOMRAM=01h-05Fh -AABS1=00h-07FFh \
  -ABIGRAM=01h-07FFh -ARAM=060h-0FFh,0100h-01FFhx7 -ABANK0=060h-0FFh \
  -ABANK1=0100h-01FFh -ABANK2=0200h-02FFh -ABANK3=0300h-03FFh \
  -ABANK4=0400h-04FFh -ABANK5=0500h-05FFh -ABANK6=0600h-06FFh \
  -ABANK7=0700h-07FFh -ASFR=0F60h-0FFFh -ACONFIG=0300000h-030000Dh \
  -AIDLOC=0200000h-0200007h -AEEDATA=0F00000h-0F000FFh -peeprom_data=EEDATA \
  -preset_vec=00h,intcode=08h,intcodelo,powerup,init -pramtop=0800h \
  -psmallconst=SMALLCONST -pmediumconst=MEDIUMCONST -pconst=CONST \
  -AFARRAM=00h-00h \
  -prdata=COMRAM,nvrram=COMRAM,nvbit=COMRAM,rbss=COMRAM,rbit=COMRAM \
  -pfarbss=FARRAM,fardata=FARRAM,nvFARRAM=FARRAM \
  -pintsave_regs=BIGRAM,bigbss=BIGRAM,bigdata=BIGRAM -pbss=RAM \
  -pidata=CODE,irdata=CODE,ibigdata=CODE,ifardata=CODE -prparam=COMRAM \
  C:\Users\facun\AppData\Local\Temp\xcAsdmg.o \
  dist/default/production\BasePicSexto.X.production.o 

Object code version is 3.11

Machine type is 18F4550



                Name                               Link     Load   Length Selector   Space Scale
C:\Users\facun\AppData\Local\Temp\xcAsdmg.o
                idloc                            200000   200000        8        0       5
                config                           300000   300000        E        0       4
                init                                  E        E        4        4       0
                reset_vec                             0        0        4        0       0
dist/default/production\BasePicSexto.X.production.o
                intcode                               8        8        6        4       0
                idloc                            200000   200000        8        0       5
                config                           300000   300000        E        0       4
                temp                                 53       53        1        1       1
                smallconst                          800      800       22      400       0
                text19                             13AE     13AE        C      411       0
                text18                             137E     137E       14      411       0
                text17                             136A     136A       14      411       0
                intcode_body                       1192     1192       62      411       0
                text15                              E4A      E4A      166      411       0
                text14                             131C     131C       20      411       0
                text13                             13A0     13A0        E      411       0
                text12                              C94      C94      1B6      411       0
                text11                             12EA     12EA       32      411       0
                text10                             133C     133C       18      411       0
                text9                               FB0      FB0       C4      411       0
                text8                              1074     1074       B0      411       0
                text7                              1392     1392        E      411       0
                text6                              1238     1238       42      411       0
                text5                              1124     1124       6E      411       0
                text4                              12B4     12B4       36      411       0
                text3                              11F4     11F4       44      411       0
                text2                               822      822      260      411       0
                text1                              1354     1354       16      411       0
                text0                               A82      A82      212      411       0
                cstackCOMRAM                         29       29       1D        1       1
                dataCOMRAM                           46       46        B        1       1
                bssCOMRAM                             1        1       28        1       1
                cinit                              127A     127A       3A      411       0
                nvCOMRAM                             51       51        2        1       1
                idataCOMRAM                        13BA     13BA        B      411       0

TOTAL           Name                               Link     Load   Length     Space
        CLASS   STACK          

        CLASS   CODE           
                intcode                               8        8        6         0
                init                                  E        E        4         0
                reset_vec                             0        0        4         0
                text19                             13AE     13AE        C         0
                text18                             137E     137E       14         0
                text17                             136A     136A       14         0
                intcode_body                       1192     1192       62         0
                text15                              E4A      E4A      166         0
                text14                             131C     131C       20         0
                text13                             13A0     13A0        E         0
                text12                              C94      C94      1B6         0
                text11                             12EA     12EA       32         0
                text10                             133C     133C       18         0
                text9                               FB0      FB0       C4         0
                text8                              1074     1074       B0         0
                text7                              1392     1392        E         0
                text6                              1238     1238       42         0
                text5                              1124     1124       6E         0
                text4                              12B4     12B4       36         0
                text3                              11F4     11F4       44         0
                text2                               822      822      260         0
                text1                              1354     1354       16         0
                text0                               A82      A82      212         0
                cinit                              127A     127A       3A         0
                idataCOMRAM                        13BA     13BA        B         0

        CLASS   CONST          

        CLASS   SMALLCONST     
                smallconst                          800      800       22         0

        CLASS   MEDIUMCONST    

        CLASS   COMRAM         
                temp                                 53       53        1         1
                cstackCOMRAM                         29       29       1D         1
                dataCOMRAM                           46       46        B         1
                bssCOMRAM                             1        1       28         1
                nvCOMRAM                             51       51        2         1

        CLASS   ABS1           

        CLASS   BIGRAM         

        CLASS   RAM            

        CLASS   BANK0          

        CLASS   BANK1          

        CLASS   BANK2          

        CLASS   BANK3          

        CLASS   BANK4          

        CLASS   BANK5          

        CLASS   BANK6          

        CLASS   BANK7          

        CLASS   SFR            

        CLASS   CONFIG         
                config                           300000   300000        E         4

        CLASS   IDLOC          
                idloc                            200000   200000        8         5

        CLASS   EEDATA         

        CLASS   FARRAM         



SEGMENTS        Name                           Load    Length   Top    Selector   Space  Class

                reset_vec                      000000  000004  000004         0       0  CODE    
                bssCOMRAM                      000001  000053  000054         1       1  COMRAM  
                intcode                        000008  00000A  000012         4       0  CODE    
                smallconst                     000800  000022  000822       400       0  SMALLCON
                text2                          000822  000BA3  0013C5       411       0  CODE    


UNUSED ADDRESS RANGES

        Name                Unused          Largest block    Delta
        BANK0            000060-0000FF               A0
        BANK1            000100-0001FF              100
        BANK2            000200-0002FF              100
        BANK3            000300-0003FF              100
        BANK4            000400-0004FF              100
        BANK5            000500-0005FF              100
        BANK6            000600-0006FF              100
        BANK7            000700-0007FF              100
        BIGRAM           000054-0007FF              7AC
        CODE             000004-000007                4
                         000012-0007FF              7EE
                         0013C5-007FFF             6C3B
        COMRAM           000054-00005F                C
        CONST            000004-000007                4
                         000012-0007FF              7EE
                         0013C5-007FFF             6C3B
        EEDATA           F00000-F000FF              100
        MEDIUMCONST      0013C5-007FFF             6C3B
        RAM              000060-0007FF              100
        SFR              000F60-000FFF               A0
        SMALLCONST       0013C5-007FFF              100
        STACK            000060-0007FF              7A0

                                  Symbol Table

?___awdiv                  cstackCOMRAM 00002F
?___awmod                  cstackCOMRAM 000029
Botones13@Boton_Presionado cstackCOMRAM 00002B
Botones13@Estado_BOT       bssCOMRAM    00001E
LCD_init@i                 cstackCOMRAM 00002B
LCD_init@i_1842            cstackCOMRAM 00002F
LCD_init@i_1843            cstackCOMRAM 000033
LCD_init@i_1844            cstackCOMRAM 000037
LCD_init@i_1845            cstackCOMRAM 00003B
LCD_init@i_1846            cstackCOMRAM 00003F
Leds13@i                   dataCOMRAM   00004E
Send4Disp@Nro_Disp         dataCOMRAM   00004D
_ADCON0bits                (abs)        000FC2
_ADCON1                    (abs)        000FC1
_ADCON2                    (abs)        000FC0
_ADRESH                    (abs)        000FC4
_BAUDCONbits               (abs)        000FB8
_Botones13                 text15       000E4A
_CCP1CONbits               (abs)        000FBD
_CCPR1L                    (abs)        000FBE
_CENT                      bssCOMRAM    000017
_CMCON                     (abs)        000FB4
_DEC                       bssCOMRAM    000016
_EEADR                     (abs)        000FA9
_EECON1bits                (abs)        000FA6
_EECON2                    (abs)        000FA7
_EEDATA                    (abs)        000FA8
_EstadoDeLosBotones        bssCOMRAM    000026
_INT0IE                    (abs)        007F94
_INT0IF                    (abs)        007F91
_INT1IE                    (abs)        007F83
_INT1IF                    (abs)        007F80
_INTCON2bits               (abs)        000FF1
_INTCON3bits               (abs)        000FF0
_INTCONbits                (abs)        000FF2
_LATA                      (abs)        000F89
_LATAbits                  (abs)        000F89
_LATB                      (abs)        000F8A
_LATBbits                  (abs)        000F8A
_LATC                      (abs)        000F8B
_LATCbits                  (abs)        000F8B
_LATD                      (abs)        000F8C
_LATDbits                  (abs)        000F8C
_LATE                      (abs)        000F8D
_LATEbits                  (abs)        000F8D
_LCD_init                  text12       000C94
_LCD_tout                  nvCOMRAM     000051
_LowerByte                 bssCOMRAM    000013
_MEMDIG                    dataCOMRAM   00004B
_MedioPeriodoSet           bssCOMRAM    000003
_Multiplicador             bssCOMRAM    000012
_MultiplicadorSet          bssCOMRAM    000011
_OffsetPeriodo             dataCOMRAM   000049
_PIE1bits                  (abs)        000F9D
_PIR1bits                  (abs)        000F9E
_PORTA                     (abs)        000F80
_PORTAbits                 (abs)        000F80
_PORTB                     (abs)        000F81
_PORTBbits                 (abs)        000F81
_PORTCbits                 (abs)        000F82
_PORTD                     (abs)        000F83
_PORTDbits                 (abs)        000F83
_PORTEbits                 (abs)        000F84
_PR2                       (abs)        000FCB
_PicIni13                  text11       0012EA
_RBIE                      (abs)        007F93
_RBIF                      (abs)        007F90
_RBIP                      (abs)        007F88
_RBPU                      (abs)        007F8F
_RCREG                     (abs)        000FAE
_RCSTAbits                 (abs)        000FAB
_SPBRG                     (abs)        000FAF
_SPBRGH                    (abs)        000FB0
_T0CONbits                 (abs)        000FD5
_T1CONbits                 (abs)        000FCD
_T2CONbits                 (abs)        000FCA
_TIMER0_INI                text10       00133C
_TMR0H                     (abs)        000FD7
_TMR0IF                    (abs)        007F92
_TMR0L                     (abs)        000FD6
_TMR1H                     (abs)        000FCF
_TMR1L                     (abs)        000FCE
_TRISA                     (abs)        000F92
_TRISAbits                 (abs)        000F92
_TRISB                     (abs)        000F93
_TRISBbits                 (abs)        000F93
_TRISC                     (abs)        000F94
_TRISCbits                 (abs)        000F94
_TRISD                     (abs)        000F95
_TRISE                     (abs)        000F96
_TRISEbits                 (abs)        000F96
_TXREG                     (abs)        000FAD
_TXSTAbits                 (abs)        000FAC
_UMIL                      bssCOMRAM    000018
_UNI                       bssCOMRAM    000015
_UpperByte                 dataCOMRAM   00004A
__HRAM                     (abs)        000000
__Habs1                    abs1         000000
__Hbank0                   bank0        000000
__Hbank1                   bank1        000000
__Hbank2                   bank2        000000
__Hbank3                   bank3        000000
__Hbank4                   bank4        000000
__Hbank5                   bank5        000000
__Hbank6                   bank6        000000
__Hbank7                   bank7        000000
__Hbigbss                  bigbss       000000
__Hbigdata                 bigdata      000000
__Hbigram                  bigram       000000
__Hbss                     bss          000000
__HbssCOMRAM               bssCOMRAM    000000
__Hcinit                   cinit        000000
__Hclrtext                 clrtext      000000
__Hcomram                  comram       000000
__Hconfig                  config       30000E
__Hconst                   const        000000
__HcstackCOMRAM            cstackCOMRAM 000000
__Hdata                    data         000000
__HdataCOMRAM              dataCOMRAM   000000
__Heeprom_data             eeprom_data  000000
__Hfarbss                  farbss       000000
__Hfardata                 fardata      000000
__Hibigdata                ibigdata     000000
__Hidata                   idata        000000
__HidataCOMRAM             idataCOMRAM  000000
__Hidloc                   idloc        200008
__Hifardata                ifardata     000000
__Hinit                    init         000012
__Hintcode                 intcode      00000E
__Hintcode_body            intcode_body 000000
__Hintcodelo               intcodelo    00000E
__Hintentry                intentry     000000
__Hintret                  intret       000000
__Hintsave_regs            intsave_regs 000000
__Hirdata                  irdata       000000
__Hmediumconst             mediumconst  000000
__HnvCOMRAM                nvCOMRAM     000000
__HnvFARRAM                nvFARRAM     000000
__Hnvbit                   nvbit        000000
__Hnvrram                  nvrram       000000
__Hparam                   rparam       000000
__Hpowerup                 powerup      00000E
__Hram                     ram          000000
__Hramtop                  ramtop       000800
__Hrbit                    rbit         000000
__Hrbss                    rbss         000000
__Hrdata                   rdata        000000
__Hreset_vec               reset_vec    000004
__Hrparam                  rparam       000000
__Hsfr                     sfr          000000
__Hsmallconst              smallconst   000822
__Hspace_0                 (abs)        0013C5
__Hspace_1                 (abs)        000054
__Hspace_2                 (abs)        000000
__Hspace_4                 (abs)        60000E
__Hstack                   stack        000000
__Hstruct                  struct       000000
__Htemp                    temp         000054
__Htext                    text         000000
__Htext0                   text0        000000
__Htext1                   text1        000000
__Htext10                  text10       000000
__Htext11                  text11       000000
__Htext12                  text12       000000
__Htext13                  text13       000000
__Htext14                  text14       000000
__Htext15                  text15       000000
__Htext17                  text17       000000
__Htext18                  text18       000000
__Htext19                  text19       000000
__Htext2                   text2        000000
__Htext3                   text3        000000
__Htext4                   text4        000000
__Htext5                   text5        000000
__Htext6                   text6        000000
__Htext7                   text7        000000
__Htext8                   text8        000000
__Htext9                   text9        000000
__LRAM                     (abs)        000001
__Labs1                    abs1         000000
__Lbank0                   bank0        000000
__Lbank1                   bank1        000000
__Lbank2                   bank2        000000
__Lbank3                   bank3        000000
__Lbank4                   bank4        000000
__Lbank5                   bank5        000000
__Lbank6                   bank6        000000
__Lbank7                   bank7        000000
__Lbigbss                  bigbss       000000
__Lbigdata                 bigdata      000000
__Lbigram                  bigram       000000
__Lbss                     bss          000000
__LbssCOMRAM               bssCOMRAM    000000
__Lcinit                   cinit        000000
__Lclrtext                 clrtext      000000
__Lcomram                  comram       000000
__Lconfig                  config       000000
__Lconst                   const        000000
__LcstackCOMRAM            cstackCOMRAM 000000
__Ldata                    data         000000
__LdataCOMRAM              dataCOMRAM   000000
__Leeprom_data             eeprom_data  000000
__Lfarbss                  farbss       000000
__Lfardata                 fardata      000000
__Libigdata                ibigdata     000000
__Lidata                   idata        000000
__LidataCOMRAM             idataCOMRAM  000000
__Lidloc                   idloc        000000
__Lifardata                ifardata     000000
__Linit                    init         00000E
__Lintcode                 intcode      000008
__Lintcode_body            intcode_body 000000
__Lintcodelo               intcodelo    00000E
__Lintentry                intentry     000000
__Lintret                  intret       000000
__Lintsave_regs            intsave_regs 000000
__Lirdata                  irdata       000000
__Lmediumconst             mediumconst  000000
__LnvCOMRAM                nvCOMRAM     000000
__LnvFARRAM                nvFARRAM     000000
__Lnvbit                   nvbit        000000
__Lnvrram                  nvrram       000000
__Lparam                   rparam       000000
__Lpowerup                 powerup      00000E
__Lram                     ram          000000
__Lramtop                  ramtop       000800
__Lrbit                    rbit         000000
__Lrbss                    rbss         000000
__Lrdata                   rdata        000000
__Lreset_vec               reset_vec    000000
__Lrparam                  rparam       000000
__Lsfr                     sfr          000000
__Lsmallconst              smallconst   000800
__Lspace_0                 (abs)        000000
__Lspace_1                 (abs)        000000
__Lspace_2                 (abs)        000000
__Lspace_4                 (abs)        000000
__Lstack                   stack        000000
__Lstruct                  struct       000000
__Ltemp                    temp         000053
__Ltext                    text         000000
__Ltext0                   text0        000000
__Ltext1                   text1        000000
__Ltext10                  text10       000000
__Ltext11                  text11       000000
__Ltext12                  text12       000000
__Ltext13                  text13       000000
__Ltext14                  text14       000000
__Ltext15                  text15       000000
__Ltext17                  text17       000000
__Ltext18                  text18       000000
__Ltext19                  text19       000000
__Ltext2                   text2        000000
__Ltext3                   text3        000000
__Ltext4                   text4        000000
__Ltext5                   text5        000000
__Ltext6                   text6        000000
__Ltext7                   text7        000000
__Ltext8                   text8        000000
__Ltext9                   text9        000000
__S0                       (abs)        0013C5
__S1                       (abs)        000054
__S2                       (abs)        000000
__S4                       (abs)        000000
__S5                       (abs)        000000
___awdiv                   text9        000FB0
___awdiv@counter           cstackCOMRAM 000033
___awdiv@dividend          cstackCOMRAM 00002F
___awdiv@divisor           cstackCOMRAM 000031
___awdiv@quotient          cstackCOMRAM 000035
___awdiv@sign              cstackCOMRAM 000034
___awmod                   text8        001074
___awmod@counter           cstackCOMRAM 00002D
___awmod@dividend          cstackCOMRAM 000029
___awmod@divisor           cstackCOMRAM 00002B
___awmod@sign              cstackCOMRAM 00002E
___inthi_sp                stack        000000
___intlo_sp                stack        000000
___param_bank              (abs)        000000
___rparam_used             (abs)        000001
___sp                      stack        000000
__accesstop                (abs)        000060
__activetblptr             (abs)        000002
__end_of_Botones13         text15       000FB0
__end_of_LCD_init          text12       000E4A
__end_of_PicIni13          text11       00131C
__end_of_TIMER0_INI        text10       001354
__end_of___awdiv           text9        001074
__end_of___awmod           text8        001124
__end_of__initialization   cinit        0012A6
__end_of_char2LCD          text6        00127A
__end_of_main              text0        000C94
__end_of_marca_tecla       text19       0013BA
__end_of_msg2LCD           text5        001192
__end_of_my_isr_routine    intcode_body 0011F4
__end_of_obtener_ADC8      text4        0012EA
__end_of_set_CURSOR        text3        001238
__end_of_tecla             text2        000A82
__end_of_tecladoIni13      text1        00136A
__end_of_teclas            smallconst   00080D
__end_of_tic_bot           text18       001392
__end_of_tic_teclado       text17       00137E
__end_of_write_CMD         text13       0013AE
__end_of_write_DATA        text7        0013A0
__end_of_write_LCD         text14       00133C
__initialization           cinit        00127A
__mediumconst              mediumconst  000000
__pbssCOMRAM               bssCOMRAM    000001
__pcinit                   cinit        00127A
__pcstackCOMRAM            cstackCOMRAM 000029
__pdataCOMRAM              dataCOMRAM   000046
__pidataCOMRAM             idataCOMRAM  0013BA
__pintcode                 intcode      000008
__pintcode_body            intcode_body 001192
__pnvCOMRAM                nvCOMRAM     000051
__psmallconst              smallconst   000800
__ptext0                   text0        000A82
__ptext1                   text1        001354
__ptext10                  text10       00133C
__ptext11                  text11       0012EA
__ptext12                  text12       000C94
__ptext13                  text13       0013A0
__ptext14                  text14       00131C
__ptext15                  text15       000E4A
__ptext17                  text17       00136A
__ptext18                  text18       00137E
__ptext19                  text19       0013AE
__ptext2                   text2        000822
__ptext3                   text3        0011F4
__ptext4                   text4        0012B4
__ptext5                   text5        001124
__ptext6                   text6        001238
__ptext7                   text7        001392
__ptext8                   text8        001074
__ptext9                   text9        000FB0
__ramtop                   ramtop       000800
__size_of_Botones13        (abs)        000000
__size_of_LCD_init         (abs)        000000
__size_of_PicIni13         (abs)        000000
__size_of_TIMER0_INI       (abs)        000000
__size_of___awdiv          (abs)        000000
__size_of___awmod          (abs)        000000
__size_of_char2LCD         (abs)        000000
__size_of_main             (abs)        000000
__size_of_marca_tecla      (abs)        000000
__size_of_msg2LCD          (abs)        000000
__size_of_my_isr_routine   (abs)        000000
__size_of_obtener_ADC8     (abs)        000000
__size_of_set_CURSOR       (abs)        000000
__size_of_tecla            (abs)        000000
__size_of_tecladoIni13     (abs)        000000
__size_of_tic_bot          (abs)        000000
__size_of_tic_teclado      (abs)        000000
__size_of_write_CMD        (abs)        000000
__size_of_write_DATA       (abs)        000000
__size_of_write_LCD        (abs)        000000
__smallconst               smallconst   000800
_bot_tout                  bssCOMRAM    000027
_boton                     bssCOMRAM    000025
_cent                      bssCOMRAM    000021
_char2LCD                  text6        001238
_col                       dataCOMRAM   000046
_dec                       bssCOMRAM    000022
_delay_kb                  bssCOMRAM    00000C
_desplazar_tout            bssCOMRAM    000001
_encoderTout               bssCOMRAM    00001A
_fila                      dataCOMRAM   000047
_flagCanal                 bssCOMRAM    000019
_flag_kb                   bssCOMRAM    00000D
_frecuencia                dataCOMRAM   00004F
_led_tout                  bssCOMRAM    000009
_main                      text0        000A82
_main$2691                 cstackCOMRAM 000044
_marca_tecla               text19       0013AE
_maximoEncoder             bssCOMRAM    00001D
_minimoEncoder             bssCOMRAM    00001C
_msg2LCD                   text5        001124
_mux_tout                  bssCOMRAM    000028
_my_isr_routine            intcode      000008
_numero                    bssCOMRAM    000005
_obtener_ADC8              text4        0012B4
_posicionEncoder           bssCOMRAM    00001B
_pulsador                  bssCOMRAM    000024
_set_CURSOR                text3        0011F4
_tecla                     text2        000822
_tecladoIni13              text1        001354
_teclas                    smallconst   000801
_tic_bot                   text18       00137E
_tic_teclado               text17       00136A
_tiempo                    bssCOMRAM    000007
_tiempo_lectura_adc        bssCOMRAM    000023
_uni                       bssCOMRAM    000020
_valor_pote                bssCOMRAM    00001F
_write_CMD                 text13       0013A0
_write_DATA                text7        001392
_write_LCD                 text14       00131C
btemp                      temp         000053
char2LCD@dato              cstackCOMRAM 00002B
char2LCD@i                 cstackCOMRAM 00002C
debounce@cnt0              bssCOMRAM    00000F
debounce@cnt1              bssCOMRAM    00000E
debounce@state             bssCOMRAM    000010
end_of_initialization      cinit        0012A6
int$flags                  temp         000053
int_func                   intcode_body 001192
intlevel0                  text         000000
intlevel1                  text         000000
intlevel2                  text         000000
intlevel3                  text         000000
isa$std                    (abs)        000001
isa$xinst                  (abs)        000000
msg2LCD@datos              cstackCOMRAM 00002B
msg2LCD@i                  cstackCOMRAM 00002D
mux_display@contdisp       bssCOMRAM    000014
obtener_ADC8@GuardoPorta   cstackCOMRAM 000029
obtener_ADC8@GuardoTrisa   cstackCOMRAM 00002A
set_CURSOR@i               cstackCOMRAM 00002C
set_CURSOR@posi            cstackCOMRAM 00002B
stackhi                    (abs)        0007FF
stacklo                    (abs)        000060
start                      init         00000E
start_initialization       cinit        00127A
tecla@status_KB            bssCOMRAM    00000B
tecla@tecla_KB             cstackCOMRAM 00002B
tic_debounce@debounce_tic  dataCOMRAM   000048
tic_encoder@estado         dataCOMRAM   00004C
ttemp5                     temp         000054
ttemp6                     temp         000057
ttemp7                     temp         00005B
write_CMD@dato             cstackCOMRAM 00002A
write_DATA@dato            cstackCOMRAM 00002A
write_LCD@dato             cstackCOMRAM 000029
wtemp8                     temp         000054


MODULE INFORMATION

Module		Function		Class		Link	Load	Size
C:\Program Files\Microchip\xc8\v2.32\pic\sources\c99\common\awdiv.c
		___awdiv       		CODE           	0FB0	0000	196

C:\Program Files\Microchip\xc8\v2.32\pic\sources\c99\common\awdiv.c estimated size: 196

ConfShield1_3.c
		_PicIni13      		CODE           	12EA	0000	50
		_Botones13     		CODE           	0E4A	0000	358
		_tic_bot       		CODE           	137E	0000	20

ConfShield1_3.c estimated size: 428

teclado.c
		_tecladoIni13  		CODE           	1354	0000	22
		_tecla         		CODE           	0822	0000	608
		_tic_teclado   		CODE           	136A	0000	20
		_marca_tecla   		CODE           	13AE	0000	12

teclado.c estimated size: 662

shared
		_teclas        		SMALLCONST     	0801	0000	12
		__initialization		CODE           	127A	0000	44

shared estimated size: 56

C:\Program Files\Microchip\xc8\v2.32\pic\sources\c99\common\awmod.c
		___awmod       		CODE           	1074	0000	176

C:\Program Files\Microchip\xc8\v2.32\pic\sources\c99\common\awmod.c estimated size: 176

Tecnica1.c
		_obtener_ADC8  		CODE           	12B4	0000	54
		_TIMER0_INI    		CODE           	133C	0000	24

Tecnica1.c estimated size: 78

lcd.c
		_write_DATA    		CODE           	1392	0000	14
		_char2LCD      		CODE           	1238	0000	66
		_msg2LCD       		CODE           	1124	0000	110
		_write_CMD     		CODE           	13A0	0000	14
		_LCD_init      		CODE           	0C94	0000	438
		_write_LCD     		CODE           	131C	0000	32
		_set_CURSOR    		CODE           	11F4	0000	68

lcd.c estimated size: 742

main.c
		_main          		CODE           	0A82	0000	530
		_my_isr_routine		CODE           	0008	0000	104

main.c estimated size: 634

